[robosuite WARNING] No private macro file found! (macros.py:53)
[robosuite WARNING] It is recommended to use a private macro file (macros.py:54)
[robosuite WARNING] To setup, run: python /content/ftr/venv/lib/python3.10/site-packages/robosuite/scripts/setup_macros.py (macros.py:55)
Gym has been unmaintained since 2022 and does not support NumPy 2.0 amongst other critical functionality.
Please upgrade to Gymnasium, the maintained drop-in replacement of Gym, or contact the authors of your software and request that they upgrade.
Users of this version of Gym should be able to simply replace 'import gym' with 'import gymnasium as gym' in the vast majority of cases.
See the migration guide at https://gymnasium.farama.org/introduction/migration_guide/ for additional information.
WARNING: Too many contacts. Either the arena memory is full, or nconmax is specified and is exceeded. Increase arena memory allocation, or increase/remove nconmax. (ncon = 5000) Time = 0.0000.

WARNING: Too many contacts. Either the arena memory is full, or nconmax is specified and is exceeded. Increase arena memory allocation, or increase/remove nconmax. (ncon = 5000) Time = 0.0000.

2026-09-20 23:18:11.397251: I tensorflow/core/util/port.cc:113] oneDNN custom operations are on. You may see slightly different numerical results due to floating-point round-off errors from different computation orders. To turn them off, set the environment variable `TF_ENABLE_ONEDNN_OPTS=0`.
2026-09-20 23:18:12.082677: E external/local_xla/xla/stream_executor/cuda/cuda_dnn.cc:9261] Unable to register cuDNN factory: Attempting to register factory for plugin cuDNN when one has already been registered
2026-09-20 23:18:12.082761: E external/local_xla/xla/stream_executor/cuda/cuda_fft.cc:607] Unable to register cuFFT factory: Attempting to register factory for plugin cuFFT when one has already been registered
2026-09-20 23:18:12.168324: E external/local_xla/xla/stream_executor/cuda/cuda_blas.cc:1515] Unable to register cuBLAS factory: Attempting to register factory for plugin cuBLAS when one has already been registered
2026-09-20 23:18:12.336729: I tensorflow/core/platform/cpu_feature_guard.cc:182] This TensorFlow binary is optimized to use available CPU instructions in performance-critical operations.
To enable the following instructions: AVX2 AVX512F AVX512_VNNI FMA, in other operations, rebuild TensorFlow with the appropriate compiler flags.
2026-09-20 23:18:16.284027: W tensorflow/compiler/tf2tensorrt/utils/py_utils.cc:38] TF-TRT Warning: Could not find TensorRT
The cache for model files in Transformers v4.22.0 has been updated. Migrating your old cache. This is a one-time only operation. You can interrupt this and resume the migration later on by calling `transformers.utils.move_cache()`.
0it [00:00, ?it/s]0it [00:00, ?it/s]
/content/ftr/venv/lib/python3.10/site-packages/wandb/analytics/sentry.py:90: SentryHubDeprecationWarning: `sentry_sdk.Hub` is deprecated and will be removed in a future major release. Please consult our 1.x to 2.x migration guide for details on how to migrate `Hub` usage to the new API: https://docs.sentry.io/platforms/python/migration/1.x-to-2.x
  self.hub = sentry_sdk.Hub(client)
WARNING: Too many contacts. Either the arena memory is full, or nconmax is specified and is exceeded. Increase arena memory allocation, or increase/remove nconmax. (ncon = 5000) Time = 0.0000.

WARNING: Too many contacts. Either the arena memory is full, or nconmax is specified and is exceeded. Increase arena memory allocation, or increase/remove nconmax. (ncon = 5000) Time = 0.0000.

WARNING: Too many contacts. Either the arena memory is full, or nconmax is specified and is exceeded. Increase arena memory allocation, or increase/remove nconmax. (ncon = 5000) Time = 0.0000.

WARNING: Too many contacts. Either the arena memory is full, or nconmax is specified and is exceeded. Increase arena memory allocation, or increase/remove nconmax. (ncon = 5000) Time = 0.0000.

WARNING: Too many contacts. Either the arena memory is full, or nconmax is specified and is exceeded. Increase arena memory allocation, or increase/remove nconmax. (ncon = 5000) Time = 0.0000.

WARNING: Too many contacts. Either the arena memory is full, or nconmax is specified and is exceeded. Increase arena memory allocation, or increase/remove nconmax. (ncon = 5000) Time = 0.0000.

WARNING: Too many contacts. Either the arena memory is full, or nconmax is specified and is exceeded. Increase arena memory allocation, or increase/remove nconmax. (ncon = 5000) Time = 0.0000.

WARNING: Too many contacts. Either the arena memory is full, or nconmax is specified and is exceeded. Increase arena memory allocation, or increase/remove nconmax. (ncon = 5000) Time = 0.0000.

WARNING: Too many contacts. Either the arena memory is full, or nconmax is specified and is exceeded. Increase arena memory allocation, or increase/remove nconmax. (ncon = 5000) Time = 0.0000.

WARNING: Too many contacts. Either the arena memory is full, or nconmax is specified and is exceeded. Increase arena memory allocation, or increase/remove nconmax. (ncon = 5000) Time = 0.0000.

WARNING: Too many contacts. Either the arena memory is full, or nconmax is specified and is exceeded. Increase arena memory allocation, or increase/remove nconmax. (ncon = 5000) Time = 0.0000.

WARNING: Too many contacts. Either the arena memory is full, or nconmax is specified and is exceeded. Increase arena memory allocation, or increase/remove nconmax. (ncon = 5000) Time = 0.0000.

WARNING: Too many contacts. Either the arena memory is full, or nconmax is specified and is exceeded. Increase arena memory allocation, or increase/remove nconmax. (ncon = 5000) Time = 0.0000.

WARNING: Too many contacts. Either the arena memory is full, or nconmax is specified and is exceeded. Increase arena memory allocation, or increase/remove nconmax. (ncon = 5000) Time = 0.0000.

WARNING: Too many contacts. Either the arena memory is full, or nconmax is specified and is exceeded. Increase arena memory allocation, or increase/remove nconmax. (ncon = 5000) Time = 0.0000.

WARNING: Too many contacts. Either the arena memory is full, or nconmax is specified and is exceeded. Increase arena memory allocation, or increase/remove nconmax. (ncon = 5000) Time = 0.0000.

WARNING: Too many contacts. Either the arena memory is full, or nconmax is specified and is exceeded. Increase arena memory allocation, or increase/remove nconmax. (ncon = 5000) Time = 0.0000.

WARNING: Too many contacts. Either the arena memory is full, or nconmax is specified and is exceeded. Increase arena memory allocation, or increase/remove nconmax. (ncon = 5000) Time = 0.0000.

WARNING: Too many contacts. Either the arena memory is full, or nconmax is specified and is exceeded. Increase arena memory allocation, or increase/remove nconmax. (ncon = 5000) Time = 0.0000.

WARNING: Too many contacts. Either the arena memory is full, or nconmax is specified and is exceeded. Increase arena memory allocation, or increase/remove nconmax. (ncon = 5000) Time = 0.0000.

WARNING: Too many contacts. Either the arena memory is full, or nconmax is specified and is exceeded. Increase arena memory allocation, or increase/remove nconmax. (ncon = 5000) Time = 0.0000.

WARNING: Too many contacts. Either the arena memory is full, or nconmax is specified and is exceeded. Increase arena memory allocation, or increase/remove nconmax. (ncon = 5000) Time = 0.0000.

WARNING: Too many contacts. Either the arena memory is full, or nconmax is specified and is exceeded. Increase arena memory allocation, or increase/remove nconmax. (ncon = 5000) Time = 0.0000.

WARNING: Too many contacts. Either the arena memory is full, or nconmax is specified and is exceeded. Increase arena memory allocation, or increase/remove nconmax. (ncon = 5000) Time = 0.0000.

WARNING: Too many contacts. Either the arena memory is full, or nconmax is specified and is exceeded. Increase arena memory allocation, or increase/remove nconmax. (ncon = 5000) Time = 0.0000.

WARNING: Too many contacts. Either the arena memory is full, or nconmax is specified and is exceeded. Increase arena memory allocation, or increase/remove nconmax. (ncon = 5000) Time = 0.0000.

WARNING: Too many contacts. Either the arena memory is full, or nconmax is specified and is exceeded. Increase arena memory allocation, or increase/remove nconmax. (ncon = 5000) Time = 0.0000.

WARNING: Too many contacts. Either the arena memory is full, or nconmax is specified and is exceeded. Increase arena memory allocation, or increase/remove nconmax. (ncon = 5000) Time = 0.0000.

WARNING: Too many contacts. Either the arena memory is full, or nconmax is specified and is exceeded. Increase arena memory allocation, or increase/remove nconmax. (ncon = 5000) Time = 0.0000.

rendered 90 states -> /content/drive/MyDrive/ftr/data/states_train.parquet
