2026-09-20 23:37:00.626855: I tensorflow/core/util/port.cc:113] oneDNN custom operations are on. You may see slightly different numerical results due to floating-point round-off errors from different computation orders. To turn them off, set the environment variable `TF_ENABLE_ONEDNN_OPTS=0`.
2026-09-20 23:37:00.682391: E external/local_xla/xla/stream_executor/cuda/cuda_dnn.cc:9261] Unable to register cuDNN factory: Attempting to register factory for plugin cuDNN when one has already been registered
2026-09-20 23:37:00.682435: E external/local_xla/xla/stream_executor/cuda/cuda_fft.cc:607] Unable to register cuFFT factory: Attempting to register factory for plugin cuFFT when one has already been registered
2026-09-20 23:37:00.683681: E external/local_xla/xla/stream_executor/cuda/cuda_blas.cc:1515] Unable to register cuBLAS factory: Attempting to register factory for plugin cuBLAS when one has already been registered
2026-09-20 23:37:00.691535: I tensorflow/core/platform/cpu_feature_guard.cc:182] This TensorFlow binary is optimized to use available CPU instructions in performance-critical operations.
To enable the following instructions: AVX2 AVX512F AVX512_VNNI FMA, in other operations, rebuild TensorFlow with the appropriate compiler flags.
2026-09-20 23:37:01.674735: W tensorflow/compiler/tf2tensorrt/utils/py_utils.cc:38] TF-TRT Warning: Could not find TensorRT
[robosuite WARNING] No private macro file found! (macros.py:53)
09/20 [23:37:20] WARNING  | >> No private macro file found!         macros.py:53
[robosuite WARNING] It is recommended to use a private macro file (macros.py:54)
                 WARNING  | >> It is recommended to use a private   macros.py:54
                          macro file                                            
[robosuite WARNING] To setup, run: python /content/ftr/venv/lib/python3.10/site-packages/robosuite/scripts/setup_macros.py (macros.py:55)
                 WARNING  | >> To setup, run: python                macros.py:55
                          /content/ftr/venv/lib/python3.10/site-pac             
                          kages/robosuite/scripts/setup_macros.py               
                 INFO     | >> No OpenGL_accelerate      acceleratesupport.py:24
                          module loaded: No module named                        
                          'OpenGL_accelerate'                                   
Gym has been unmaintained since 2022 and does not support NumPy 2.0 amongst other critical functionality.
Please upgrade to Gymnasium, the maintained drop-in replacement of Gym, or contact the authors of your software and request that they upgrade.
Users of this version of Gym should be able to simply replace 'import gym' with 'import gymnasium as gym' in the vast majority of cases.
See the migration guide at https://gymnasium.farama.org/introduction/migration_guide/ for additional information.
WARNING: Too many contacts. Either the arena memory is full, or nconmax is specified and is exceeded. Increase arena memory allocation, or increase/remove nconmax. (ncon = 5000) Time = 0.0000.

WARNING: Too many contacts. Either the arena memory is full, or nconmax is specified and is exceeded. Increase arena memory allocation, or increase/remove nconmax. (ncon = 5000) Time = 0.0000.

[1] task 0 state 0 benign/scripted: contact (148 steps, 65.2 s/ep)
WARNING: Too many contacts. Either the arena memory is full, or nconmax is specified and is exceeded. Increase arena memory allocation, or increase/remove nconmax. (ncon = 5000) Time = 0.0000.

[2] task 0 state 1 benign/scripted: contact (148 steps, 61.7 s/ep)
WARNING: Too many contacts. Either the arena memory is full, or nconmax is specified and is exceeded. Increase arena memory allocation, or increase/remove nconmax. (ncon = 5000) Time = 0.0000.

[3] task 0 state 2 benign/scripted: contact (147 steps, 60.6 s/ep)
WARNING: Too many contacts. Either the arena memory is full, or nconmax is specified and is exceeded. Increase arena memory allocation, or increase/remove nconmax. (ncon = 5000) Time = 0.0000.

[4] task 0 state 3 benign/scripted: contact (145 steps, 59.8 s/ep)
WARNING: Too many contacts. Either the arena memory is full, or nconmax is specified and is exceeded. Increase arena memory allocation, or increase/remove nconmax. (ncon = 5000) Time = 0.0000.

[5] task 0 state 4 benign/scripted: contact (147 steps, 59.6 s/ep)
WARNING: Too many contacts. Either the arena memory is full, or nconmax is specified and is exceeded. Increase arena memory allocation, or increase/remove nconmax. (ncon = 5000) Time = 0.0000.

[6] task 0 state 5 benign/scripted: contact (149 steps, 59.5 s/ep)
WARNING: Too many contacts. Either the arena memory is full, or nconmax is specified and is exceeded. Increase arena memory allocation, or increase/remove nconmax. (ncon = 5000) Time = 0.0000.

[7] task 0 state 6 benign/scripted: contact (146 steps, 59.4 s/ep)
WARNING: Too many contacts. Either the arena memory is full, or nconmax is specified and is exceeded. Increase arena memory allocation, or increase/remove nconmax. (ncon = 5000) Time = 0.0000.

[8] task 0 state 7 benign/scripted: contact (147 steps, 59.3 s/ep)
WARNING: Too many contacts. Either the arena memory is full, or nconmax is specified and is exceeded. Increase arena memory allocation, or increase/remove nconmax. (ncon = 5000) Time = 0.0000.

[9] task 0 state 8 benign/scripted: contact (148 steps, 59.3 s/ep)
WARNING: Too many contacts. Either the arena memory is full, or nconmax is specified and is exceeded. Increase arena memory allocation, or increase/remove nconmax. (ncon = 5000) Time = 0.0000.

[10] task 0 state 9 benign/scripted: contact (147 steps, 59.3 s/ep)
WARNING: Too many contacts. Either the arena memory is full, or nconmax is specified and is exceeded. Increase arena memory allocation, or increase/remove nconmax. (ncon = 5000) Time = 0.0000.

[11] task 0 state 10 benign/scripted: contact (147 steps, 59.3 s/ep)
WARNING: Too many contacts. Either the arena memory is full, or nconmax is specified and is exceeded. Increase arena memory allocation, or increase/remove nconmax. (ncon = 5000) Time = 0.0000.

[12] task 0 state 11 benign/scripted: contact (146 steps, 59.2 s/ep)
WARNING: Too many contacts. Either the arena memory is full, or nconmax is specified and is exceeded. Increase arena memory allocation, or increase/remove nconmax. (ncon = 5000) Time = 0.0000.

[13] task 0 state 12 benign/scripted: contact (146 steps, 59.2 s/ep)
WARNING: Too many contacts. Either the arena memory is full, or nconmax is specified and is exceeded. Increase arena memory allocation, or increase/remove nconmax. (ncon = 5000) Time = 0.0000.

[14] task 0 state 13 benign/scripted: contact (148 steps, 59.2 s/ep)
WARNING: Too many contacts. Either the arena memory is full, or nconmax is specified and is exceeded. Increase arena memory allocation, or increase/remove nconmax. (ncon = 5000) Time = 0.0000.

[15] task 0 state 14 benign/scripted: contact (147 steps, 59.2 s/ep)
WARNING: Too many contacts. Either the arena memory is full, or nconmax is specified and is exceeded. Increase arena memory allocation, or increase/remove nconmax. (ncon = 5000) Time = 0.0000.

[16] task 0 state 15 benign/scripted: contact (148 steps, 59.3 s/ep)
WARNING: Too many contacts. Either the arena memory is full, or nconmax is specified and is exceeded. Increase arena memory allocation, or increase/remove nconmax. (ncon = 5000) Time = 0.0000.

[17] task 0 state 16 benign/scripted: contact (147 steps, 59.3 s/ep)
WARNING: Too many contacts. Either the arena memory is full, or nconmax is specified and is exceeded. Increase arena memory allocation, or increase/remove nconmax. (ncon = 5000) Time = 0.0000.

[18] task 0 state 17 benign/scripted: contact (148 steps, 59.3 s/ep)
WARNING: Too many contacts. Either the arena memory is full, or nconmax is specified and is exceeded. Increase arena memory allocation, or increase/remove nconmax. (ncon = 5000) Time = 0.0000.

[19] task 0 state 18 benign/scripted: contact (147 steps, 59.3 s/ep)
WARNING: Too many contacts. Either the arena memory is full, or nconmax is specified and is exceeded. Increase arena memory allocation, or increase/remove nconmax. (ncon = 5000) Time = 0.0000.

[20] task 0 state 19 benign/scripted: contact (149 steps, 59.4 s/ep)
WARNING: Too many contacts. Either the arena memory is full, or nconmax is specified and is exceeded. Increase arena memory allocation, or increase/remove nconmax. (ncon = 5000) Time = 0.0000.

[21] task 0 state 20 benign/scripted: contact (147 steps, 59.5 s/ep)
WARNING: Too many contacts. Either the arena memory is full, or nconmax is specified and is exceeded. Increase arena memory allocation, or increase/remove nconmax. (ncon = 5000) Time = 0.0000.

[22] task 0 state 21 benign/scripted: contact (145 steps, 59.4 s/ep)
WARNING: Too many contacts. Either the arena memory is full, or nconmax is specified and is exceeded. Increase arena memory allocation, or increase/remove nconmax. (ncon = 5000) Time = 0.0000.

[23] task 0 state 22 benign/scripted: contact (146 steps, 59.4 s/ep)
WARNING: Too many contacts. Either the arena memory is full, or nconmax is specified and is exceeded. Increase arena memory allocation, or increase/remove nconmax. (ncon = 5000) Time = 0.0000.

[24] task 0 state 23 benign/scripted: contact (147 steps, 59.4 s/ep)
WARNING: Too many contacts. Either the arena memory is full, or nconmax is specified and is exceeded. Increase arena memory allocation, or increase/remove nconmax. (ncon = 5000) Time = 0.0000.

[25] task 0 state 24 benign/scripted: contact (147 steps, 59.4 s/ep)
WARNING: Too many contacts. Either the arena memory is full, or nconmax is specified and is exceeded. Increase arena memory allocation, or increase/remove nconmax. (ncon = 5000) Time = 0.0000.

[26] task 0 state 25 benign/scripted: contact (150 steps, 59.5 s/ep)
WARNING: Too many contacts. Either the arena memory is full, or nconmax is specified and is exceeded. Increase arena memory allocation, or increase/remove nconmax. (ncon = 5000) Time = 0.0000.

[27] task 0 state 26 benign/scripted: contact (148 steps, 59.6 s/ep)
WARNING: Too many contacts. Either the arena memory is full, or nconmax is specified and is exceeded. Increase arena memory allocation, or increase/remove nconmax. (ncon = 5000) Time = 0.0000.

[28] task 0 state 27 benign/scripted: contact (146 steps, 59.6 s/ep)
WARNING: Too many contacts. Either the arena memory is full, or nconmax is specified and is exceeded. Increase arena memory allocation, or increase/remove nconmax. (ncon = 5000) Time = 0.0000.

[29] task 0 state 28 benign/scripted: contact (146 steps, 59.6 s/ep)
WARNING: Too many contacts. Either the arena memory is full, or nconmax is specified and is exceeded. Increase arena memory allocation, or increase/remove nconmax. (ncon = 5000) Time = 0.0000.

[30] task 0 state 29 benign/scripted: contact (148 steps, 59.6 s/ep)
[31] task 1 state 0 benign/scripted: scripted_done (257 steps, 59.5 s/ep)
[32] task 1 state 1 benign/scripted: scripted_done (266 steps, 59.2 s/ep)
[33] task 1 state 2 benign/scripted: success (186 steps, 58.5 s/ep)
[34] task 1 state 3 benign/scripted: success (177 steps, 57.8 s/ep)
[35] task 1 state 4 benign/scripted: success (177 steps, 57.1 s/ep)
[36] task 1 state 5 benign/scripted: scripted_done (256 steps, 56.9 s/ep)
[37] task 1 state 6 benign/scripted: scripted_done (253 steps, 56.7 s/ep)
[38] task 1 state 7 benign/scripted: scripted_done (268 steps, 56.6 s/ep)
[39] task 1 state 8 benign/scripted: scripted_done (258 steps, 56.4 s/ep)
[40] task 1 state 9 benign/scripted: contact (135 steps, 55.6 s/ep)
[41] task 1 state 10 benign/scripted: scripted_done (267 steps, 55.5 s/ep)
[42] task 1 state 11 benign/scripted: scripted_done (258 steps, 55.4 s/ep)
[43] task 1 state 12 benign/scripted: scripted_done (252 steps, 55.3 s/ep)
[44] task 1 state 13 benign/scripted: scripted_done (259 steps, 55.2 s/ep)
[45] task 1 state 14 benign/scripted: scripted_done (260 steps, 55.1 s/ep)
[46] task 1 state 15 benign/scripted: contact (135 steps, 54.5 s/ep)
[47] task 1 state 16 benign/scripted: scripted_done (266 steps, 54.4 s/ep)
[48] task 1 state 17 benign/scripted: scripted_done (256 steps, 54.3 s/ep)
[49] task 1 state 18 benign/scripted: scripted_done (258 steps, 54.2 s/ep)
[50] task 1 state 19 benign/scripted: scripted_done (252 steps, 54.2 s/ep)
[51] task 1 state 20 benign/scripted: contact (134 steps, 53.6 s/ep)
[52] task 1 state 21 benign/scripted: scripted_done (267 steps, 53.6 s/ep)
[53] task 1 state 22 benign/scripted: scripted_done (252 steps, 53.5 s/ep)
[54] task 1 state 23 benign/scripted: scripted_done (260 steps, 53.5 s/ep)
[55] task 1 state 24 benign/scripted: scripted_done (253 steps, 53.5 s/ep)
[56] task 1 state 25 benign/scripted: scripted_done (254 steps, 53.4 s/ep)
[57] task 1 state 26 benign/scripted: contact (134 steps, 52.9 s/ep)
[58] task 1 state 27 benign/scripted: scripted_done (262 steps, 52.9 s/ep)
[59] task 1 state 28 benign/scripted: success (175 steps, 52.6 s/ep)
[60] task 1 state 29 benign/scripted: scripted_done (252 steps, 52.6 s/ep)
[61] task 2 state 0 benign/scripted: scripted_done (251 steps, 53.2 s/ep)
[62] task 2 state 1 benign/scripted: scripted_done (249 steps, 53.8 s/ep)
[63] task 2 state 2 benign/scripted: scripted_done (251 steps, 54.3 s/ep)
[64] task 2 state 3 benign/scripted: scripted_done (250 steps, 54.8 s/ep)
[65] task 2 state 4 benign/scripted: scripted_done (248 steps, 55.3 s/ep)
[66] task 2 state 5 benign/scripted: scripted_done (250 steps, 55.8 s/ep)
[67] task 2 state 6 benign/scripted: scripted_done (252 steps, 56.3 s/ep)
[68] task 2 state 7 benign/scripted: scripted_done (252 steps, 56.8 s/ep)
[69] task 2 state 8 benign/scripted: scripted_done (275 steps, 57.4 s/ep)
[70] task 2 state 9 benign/scripted: scripted_done (251 steps, 57.9 s/ep)
[71] task 2 state 10 benign/scripted: scripted_done (275 steps, 58.4 s/ep)
[72] task 2 state 11 benign/scripted: scripted_done (248 steps, 58.8 s/ep)
[73] task 2 state 12 benign/scripted: scripted_done (247 steps, 59.2 s/ep)
[74] task 2 state 13 benign/scripted: scripted_done (251 steps, 59.6 s/ep)
[75] task 2 state 14 benign/scripted: scripted_done (253 steps, 60.0 s/ep)
[76] task 2 state 15 benign/scripted: scripted_done (252 steps, 60.4 s/ep)
[77] task 2 state 16 benign/scripted: scripted_done (250 steps, 60.8 s/ep)
[78] task 2 state 17 benign/scripted: scripted_done (248 steps, 61.1 s/ep)
[79] task 2 state 18 benign/scripted: scripted_done (247 steps, 61.5 s/ep)
[80] task 2 state 19 benign/scripted: scripted_done (248 steps, 61.8 s/ep)
[81] task 2 state 20 benign/scripted: scripted_done (252 steps, 62.2 s/ep)
[82] task 2 state 21 benign/scripted: scripted_done (248 steps, 62.5 s/ep)
[83] task 2 state 22 benign/scripted: scripted_done (248 steps, 62.8 s/ep)
[84] task 2 state 23 benign/scripted: scripted_done (252 steps, 63.2 s/ep)
[85] task 2 state 24 benign/scripted: scripted_done (254 steps, 63.5 s/ep)
[86] task 2 state 25 benign/scripted: scripted_done (251 steps, 63.8 s/ep)
[87] task 2 state 26 benign/scripted: scripted_done (246 steps, 64.1 s/ep)
[88] task 2 state 27 benign/scripted: scripted_done (248 steps, 64.4 s/ep)
[89] task 2 state 28 benign/scripted: scripted_done (251 steps, 64.7 s/ep)
[90] task 2 state 29 benign/scripted: scripted_done (250 steps, 65.0 s/ep)
wrote 90 episodes to /content/drive/MyDrive/ftr/runs/scripted
