2026-09-21 01:18:11.742385: I tensorflow/core/util/port.cc:113] oneDNN custom operations are on. You may see slightly different numerical results due to floating-point round-off errors from different computation orders. To turn them off, set the environment variable `TF_ENABLE_ONEDNN_OPTS=0`.
2026-09-21 01:18:11.796145: E external/local_xla/xla/stream_executor/cuda/cuda_dnn.cc:9261] Unable to register cuDNN factory: Attempting to register factory for plugin cuDNN when one has already been registered
2026-09-21 01:18:11.796296: E external/local_xla/xla/stream_executor/cuda/cuda_fft.cc:607] Unable to register cuFFT factory: Attempting to register factory for plugin cuFFT when one has already been registered
2026-09-21 01:18:11.797471: E external/local_xla/xla/stream_executor/cuda/cuda_blas.cc:1515] Unable to register cuBLAS factory: Attempting to register factory for plugin cuBLAS when one has already been registered
2026-09-21 01:18:11.804248: I tensorflow/core/platform/cpu_feature_guard.cc:182] This TensorFlow binary is optimized to use available CPU instructions in performance-critical operations.
To enable the following instructions: AVX2 AVX512F AVX512_VNNI FMA, in other operations, rebuild TensorFlow with the appropriate compiler flags.
2026-09-21 01:18:12.783516: W tensorflow/compiler/tf2tensorrt/utils/py_utils.cc:38] TF-TRT Warning: Could not find TensorRT
[robosuite WARNING] No private macro file found! (macros.py:53)
09/21 [01:18:31] WARNING  | >> No private macro file found!         macros.py:53
[robosuite WARNING] It is recommended to use a private macro file (macros.py:54)
                 WARNING  | >> It is recommended to use a private   macros.py:54
                          macro file                                            
[robosuite WARNING] To setup, run: python /content/ftr/venv/lib/python3.10/site-packages/robosuite/scripts/setup_macros.py (macros.py:55)
                 WARNING  | >> To setup, run: python                macros.py:55
                          /content/ftr/venv/lib/python3.10/site-pac             
                          kages/robosuite/scripts/setup_macros.py               
                 INFO     | >> No OpenGL_accelerate      acceleratesupport.py:24
                          module loaded: No module named                        
                          'OpenGL_accelerate'                                   
Gym has been unmaintained since 2022 and does not support NumPy 2.0 amongst other critical functionality.
Please upgrade to Gymnasium, the maintained drop-in replacement of Gym, or contact the authors of your software and request that they upgrade.
Users of this version of Gym should be able to simply replace 'import gym' with 'import gymnasium as gym' in the vast majority of cases.
See the migration guide at https://gymnasium.farama.org/introduction/migration_guide/ for additional information.
WARNING: Too many contacts. Either the arena memory is full, or nconmax is specified and is exceeded. Increase arena memory allocation, or increase/remove nconmax. (ncon = 5000) Time = 0.0000.

WARNING: Too many contacts. Either the arena memory is full, or nconmax is specified and is exceeded. Increase arena memory allocation, or increase/remove nconmax. (ncon = 5000) Time = 0.0000.

[timing] 134 steps, ms/step: env.step(total) 203.8 | render:agentview_image 157.1 | png 17.2 | model_image 12.8 | eval_costs 0.2 | accounted 391.1 || ncon now=91 max=119 nconmax=5000 ngeom=1498
[1] task 0 state 0 benign/scripted: scripted_done (134 steps, 41.5 s/ep)
WARNING: Too many contacts. Either the arena memory is full, or nconmax is specified and is exceeded. Increase arena memory allocation, or increase/remove nconmax. (ncon = 5000) Time = 0.0000.

[2] task 0 state 1 benign/scripted: scripted_done (134 steps, 37.4 s/ep)
WARNING: Too many contacts. Either the arena memory is full, or nconmax is specified and is exceeded. Increase arena memory allocation, or increase/remove nconmax. (ncon = 5000) Time = 0.0000.

[3] task 0 state 2 benign/scripted: scripted_done (133 steps, 36.0 s/ep)
WARNING: Too many contacts. Either the arena memory is full, or nconmax is specified and is exceeded. Increase arena memory allocation, or increase/remove nconmax. (ncon = 5000) Time = 0.0000.

[4] task 0 state 3 benign/scripted: scripted_done (132 steps, 35.3 s/ep)
WARNING: Too many contacts. Either the arena memory is full, or nconmax is specified and is exceeded. Increase arena memory allocation, or increase/remove nconmax. (ncon = 5000) Time = 0.0000.

[5] task 0 state 4 benign/scripted: scripted_done (134 steps, 35.0 s/ep)
WARNING: Too many contacts. Either the arena memory is full, or nconmax is specified and is exceeded. Increase arena memory allocation, or increase/remove nconmax. (ncon = 5000) Time = 0.0000.

[6] task 0 state 5 benign/scripted: scripted_done (134 steps, 34.9 s/ep)
WARNING: Too many contacts. Either the arena memory is full, or nconmax is specified and is exceeded. Increase arena memory allocation, or increase/remove nconmax. (ncon = 5000) Time = 0.0000.

[7] task 0 state 6 benign/scripted: scripted_done (133 steps, 34.7 s/ep)
WARNING: Too many contacts. Either the arena memory is full, or nconmax is specified and is exceeded. Increase arena memory allocation, or increase/remove nconmax. (ncon = 5000) Time = 0.0000.

[8] task 0 state 7 benign/scripted: scripted_done (134 steps, 34.6 s/ep)
WARNING: Too many contacts. Either the arena memory is full, or nconmax is specified and is exceeded. Increase arena memory allocation, or increase/remove nconmax. (ncon = 5000) Time = 0.0000.

[9] task 0 state 8 benign/scripted: scripted_done (134 steps, 34.5 s/ep)
WARNING: Too many contacts. Either the arena memory is full, or nconmax is specified and is exceeded. Increase arena memory allocation, or increase/remove nconmax. (ncon = 5000) Time = 0.0000.

[10] task 0 state 9 benign/scripted: scripted_done (134 steps, 34.5 s/ep)
WARNING: Too many contacts. Either the arena memory is full, or nconmax is specified and is exceeded. Increase arena memory allocation, or increase/remove nconmax. (ncon = 5000) Time = 0.0000.

[11] task 0 state 10 benign/scripted: scripted_done (133 steps, 34.4 s/ep)
WARNING: Too many contacts. Either the arena memory is full, or nconmax is specified and is exceeded. Increase arena memory allocation, or increase/remove nconmax. (ncon = 5000) Time = 0.0000.

[12] task 0 state 11 benign/scripted: scripted_done (133 steps, 34.3 s/ep)
WARNING: Too many contacts. Either the arena memory is full, or nconmax is specified and is exceeded. Increase arena memory allocation, or increase/remove nconmax. (ncon = 5000) Time = 0.0000.

[13] task 0 state 12 benign/scripted: scripted_done (133 steps, 34.3 s/ep)
WARNING: Too many contacts. Either the arena memory is full, or nconmax is specified and is exceeded. Increase arena memory allocation, or increase/remove nconmax. (ncon = 5000) Time = 0.0000.

[14] task 0 state 13 benign/scripted: scripted_done (134 steps, 34.3 s/ep)
WARNING: Too many contacts. Either the arena memory is full, or nconmax is specified and is exceeded. Increase arena memory allocation, or increase/remove nconmax. (ncon = 5000) Time = 0.0000.

[15] task 0 state 14 benign/scripted: scripted_done (133 steps, 34.3 s/ep)
WARNING: Too many contacts. Either the arena memory is full, or nconmax is specified and is exceeded. Increase arena memory allocation, or increase/remove nconmax. (ncon = 5000) Time = 0.0000.

[16] task 0 state 15 benign/scripted: scripted_done (134 steps, 34.3 s/ep)
WARNING: Too many contacts. Either the arena memory is full, or nconmax is specified and is exceeded. Increase arena memory allocation, or increase/remove nconmax. (ncon = 5000) Time = 0.0000.

[17] task 0 state 16 benign/scripted: scripted_done (133 steps, 34.3 s/ep)
WARNING: Too many contacts. Either the arena memory is full, or nconmax is specified and is exceeded. Increase arena memory allocation, or increase/remove nconmax. (ncon = 5000) Time = 0.0000.

[18] task 0 state 17 benign/scripted: scripted_done (134 steps, 34.3 s/ep)
WARNING: Too many contacts. Either the arena memory is full, or nconmax is specified and is exceeded. Increase arena memory allocation, or increase/remove nconmax. (ncon = 5000) Time = 0.0000.

[19] task 0 state 18 benign/scripted: scripted_done (133 steps, 34.2 s/ep)
WARNING: Too many contacts. Either the arena memory is full, or nconmax is specified and is exceeded. Increase arena memory allocation, or increase/remove nconmax. (ncon = 5000) Time = 0.0000.

[20] task 0 state 19 benign/scripted: scripted_done (134 steps, 34.2 s/ep)
WARNING: Too many contacts. Either the arena memory is full, or nconmax is specified and is exceeded. Increase arena memory allocation, or increase/remove nconmax. (ncon = 5000) Time = 0.0000.

[21] task 0 state 20 benign/scripted: scripted_done (133 steps, 34.2 s/ep)
WARNING: Too many contacts. Either the arena memory is full, or nconmax is specified and is exceeded. Increase arena memory allocation, or increase/remove nconmax. (ncon = 5000) Time = 0.0000.

[22] task 0 state 21 benign/scripted: scripted_done (132 steps, 34.2 s/ep)
WARNING: Too many contacts. Either the arena memory is full, or nconmax is specified and is exceeded. Increase arena memory allocation, or increase/remove nconmax. (ncon = 5000) Time = 0.0000.

[23] task 0 state 22 benign/scripted: scripted_done (133 steps, 34.2 s/ep)
WARNING: Too many contacts. Either the arena memory is full, or nconmax is specified and is exceeded. Increase arena memory allocation, or increase/remove nconmax. (ncon = 5000) Time = 0.0000.

[24] task 0 state 23 benign/scripted: scripted_done (133 steps, 34.2 s/ep)
WARNING: Too many contacts. Either the arena memory is full, or nconmax is specified and is exceeded. Increase arena memory allocation, or increase/remove nconmax. (ncon = 5000) Time = 0.0000.

[25] task 0 state 24 benign/scripted: scripted_done (133 steps, 34.1 s/ep)
WARNING: Too many contacts. Either the arena memory is full, or nconmax is specified and is exceeded. Increase arena memory allocation, or increase/remove nconmax. (ncon = 5000) Time = 0.0000.

[26] task 0 state 25 benign/scripted: scripted_done (135 steps, 34.2 s/ep)
WARNING: Too many contacts. Either the arena memory is full, or nconmax is specified and is exceeded. Increase arena memory allocation, or increase/remove nconmax. (ncon = 5000) Time = 0.0000.

[27] task 0 state 26 benign/scripted: scripted_done (134 steps, 34.2 s/ep)
WARNING: Too many contacts. Either the arena memory is full, or nconmax is specified and is exceeded. Increase arena memory allocation, or increase/remove nconmax. (ncon = 5000) Time = 0.0000.

[28] task 0 state 27 benign/scripted: scripted_done (133 steps, 34.2 s/ep)
WARNING: Too many contacts. Either the arena memory is full, or nconmax is specified and is exceeded. Increase arena memory allocation, or increase/remove nconmax. (ncon = 5000) Time = 0.0000.

[29] task 0 state 28 benign/scripted: scripted_done (132 steps, 34.2 s/ep)
WARNING: Too many contacts. Either the arena memory is full, or nconmax is specified and is exceeded. Increase arena memory allocation, or increase/remove nconmax. (ncon = 5000) Time = 0.0000.

[30] task 0 state 29 benign/scripted: scripted_done (134 steps, 34.2 s/ep)
wrote 30 episodes to /content/drive/MyDrive/ftr/runs/scripted_t0b
