2026-09-23 04:38:41.941376: E external/local_xla/xla/stream_executor/cuda/cuda_dnn.cc:9261] Unable to register cuDNN factory: Attempting to register factory for plugin cuDNN when one has already been registered
2026-09-23 04:38:41.941417: E external/local_xla/xla/stream_executor/cuda/cuda_fft.cc:607] Unable to register cuFFT factory: Attempting to register factory for plugin cuFFT when one has already been registered
2026-09-23 04:38:41.943046: E external/local_xla/xla/stream_executor/cuda/cuda_blas.cc:1515] Unable to register cuBLAS factory: Attempting to register factory for plugin cuBLAS when one has already been registered
2026-09-23 04:38:41.949978: I tensorflow/core/platform/cpu_feature_guard.cc:182] This TensorFlow binary is optimized to use available CPU instructions in performance-critical operations.
To enable the following instructions: AVX2 FMA, in other operations, rebuild TensorFlow with the appropriate compiler flags.
2026-09-23 04:38:42.916399: W tensorflow/compiler/tf2tensorrt/utils/py_utils.cc:38] TF-TRT Warning: Could not find TensorRT
2026-09-23 04:38:46.429743: I external/local_xla/xla/stream_executor/cuda/cuda_executor.cc:901] successful NUMA node read from SysFS had negative value (-1), but there must be at least one NUMA node, so returning NUMA node zero. See more at https://github.com/torvalds/linux/blob/v6.0/Documentation/ABI/testing/sysfs-bus-pci#L344-L355
2026-09-23 04:38:46.512742: I external/local_xla/xla/stream_executor/cuda/cuda_executor.cc:901] successful NUMA node read from SysFS had negative value (-1), but there must be at least one NUMA node, so returning NUMA node zero. See more at https://github.com/torvalds/linux/blob/v6.0/Documentation/ABI/testing/sysfs-bus-pci#L344-L355
2026-09-23 04:38:46.514642: I external/local_xla/xla/stream_executor/cuda/cuda_executor.cc:901] successful NUMA node read from SysFS had negative value (-1), but there must be at least one NUMA node, so returning NUMA node zero. See more at https://github.com/torvalds/linux/blob/v6.0/Documentation/ABI/testing/sysfs-bus-pci#L344-L355
[robosuite WARNING] No private macro file found! (macros.py:53)
09/23 [04:39:02] WARNING  | >> No private macro file found!         macros.py:53
[robosuite WARNING] It is recommended to use a private macro file (macros.py:54)
                 WARNING  | >> It is recommended to use a private   macros.py:54
                          macro file                                            
[robosuite WARNING] To setup, run: python /home/ubuntu/ftr/venv/lib/python3.10/site-packages/robosuite/scripts/setup_macros.py (macros.py:55)
                 WARNING  | >> To setup, run: python                macros.py:55
                          /home/ubuntu/ftr/venv/lib/python3.10/site             
                          -packages/robosuite/scripts/setup_macros.             
                          py                                                    
                 INFO     | >> No OpenGL_accelerate      acceleratesupport.py:24
                          module loaded: No module named                        
                          'OpenGL_accelerate'                                   
Gym has been unmaintained since 2022 and does not support NumPy 2.0 amongst other critical functionality.
Please upgrade to Gymnasium, the maintained drop-in replacement of Gym, or contact the authors of your software and request that they upgrade.
Users of this version of Gym should be able to simply replace 'import gym' with 'import gymnasium as gym' in the vast majority of cases.
See the migration guide at https://gymnasium.farama.org/introduction/migration_guide/ for additional information.
[timing] 224 steps, ms/step: png 19.3 | env.step(total) 17.5 | model_image 9.3 | render:agentview_image 1.4 | eval_costs 0.1 | accounted 47.6 || ncon now=13 max=20 nconmax=5000 ngeom=254
[1] task 1 state 0 benign/scripted: object_contact (224 steps, 14.5 s/ep)
[2] task 1 state 1 benign/scripted: object_contact (231 steps, 13.0 s/ep)
[3] task 1 state 2 benign/scripted: object_contact (228 steps, 12.4 s/ep)
[4] task 1 state 3 benign/scripted: contact (120 steps, 10.8 s/ep)
[5] task 1 state 4 benign/scripted: object_contact (262 steps, 11.1 s/ep)
[6] task 1 state 5 benign/scripted: object_contact (228 steps, 11.1 s/ep)
[7] task 1 state 6 benign/scripted: contact (120 steps, 10.3 s/ep)
[8] task 1 state 7 benign/scripted: object_contact (234 steps, 10.4 s/ep)
[9] task 1 state 8 benign/scripted: object_contact (222 steps, 10.5 s/ep)
[10] task 1 state 9 benign/scripted: contact (121 steps, 10.0 s/ep)
[11] task 1 state 10 benign/scripted: object_contact (229 steps, 10.1 s/ep)
[12] task 1 state 11 benign/scripted: scripted_done (262 steps, 10.3 s/ep)
[13] task 1 state 12 benign/scripted: object_contact (170 steps, 10.1 s/ep)
[14] task 1 state 13 benign/scripted: object_contact (173 steps, 10.0 s/ep)
[15] task 1 state 14 benign/scripted: object_contact (168 steps, 9.9 s/ep)
[16] task 1 state 15 benign/scripted: contact (120 steps, 9.6 s/ep)
[17] task 1 state 16 benign/scripted: object_contact (177 steps, 9.6 s/ep)
[18] task 1 state 17 benign/scripted: object_contact (234 steps, 9.7 s/ep)
[19] task 1 state 18 benign/scripted: object_contact (233 steps, 9.7 s/ep)
[20] task 1 state 19 benign/scripted: object_contact (223 steps, 9.8 s/ep)
[21] task 1 state 20 benign/scripted: contact (119 steps, 9.6 s/ep)
[22] task 1 state 21 benign/scripted: object_contact (226 steps, 9.7 s/ep)
[23] task 1 state 22 benign/scripted: object_contact (244 steps, 9.8 s/ep)
[24] task 1 state 23 benign/scripted: object_contact (177 steps, 9.7 s/ep)
[25] task 1 state 24 benign/scripted: object_contact (220 steps, 9.7 s/ep)
[26] task 1 state 25 benign/scripted: contact (122 steps, 9.6 s/ep)
[27] task 1 state 26 benign/scripted: contact (120 steps, 9.5 s/ep)
[28] task 1 state 27 benign/scripted: contact (132 steps, 9.4 s/ep)
[29] task 1 state 28 benign/scripted: object_contact (244 steps, 9.4 s/ep)
[30] task 1 state 29 benign/scripted: contact (117 steps, 9.3 s/ep)
[31] task 2 state 0 benign/scripted: scripted_done (247 steps, 9.5 s/ep)
[32] task 2 state 1 benign/scripted: scripted_done (245 steps, 9.7 s/ep)
[33] task 2 state 2 benign/scripted: scripted_done (248 steps, 9.8 s/ep)
[34] task 2 state 3 benign/scripted: scripted_done (245 steps, 9.9 s/ep)
[35] task 2 state 4 benign/scripted: scripted_done (243 steps, 10.0 s/ep)
[36] task 2 state 5 benign/scripted: scripted_done (246 steps, 10.1 s/ep)
[37] task 2 state 6 benign/scripted: scripted_done (248 steps, 10.2 s/ep)
[38] task 2 state 7 benign/scripted: scripted_done (249 steps, 10.2 s/ep)
[39] task 2 state 8 benign/scripted: scripted_done (243 steps, 10.3 s/ep)
[40] task 2 state 9 benign/scripted: scripted_done (247 steps, 10.4 s/ep)
[41] task 2 state 10 benign/scripted: scripted_done (242 steps, 10.4 s/ep)
[42] task 2 state 11 benign/scripted: scripted_done (243 steps, 10.5 s/ep)
[43] task 2 state 12 benign/scripted: scripted_done (241 steps, 10.6 s/ep)
[44] task 2 state 13 benign/scripted: scripted_done (248 steps, 10.6 s/ep)
[45] task 2 state 14 benign/scripted: scripted_done (250 steps, 10.7 s/ep)
