2026-09-23 04:38:41.938982: E external/local_xla/xla/stream_executor/cuda/cuda_dnn.cc:9261] Unable to register cuDNN factory: Attempting to register factory for plugin cuDNN when one has already been registered
2026-09-23 04:38:41.939027: E external/local_xla/xla/stream_executor/cuda/cuda_fft.cc:607] Unable to register cuFFT factory: Attempting to register factory for plugin cuFFT when one has already been registered
2026-09-23 04:38:41.940696: E external/local_xla/xla/stream_executor/cuda/cuda_blas.cc:1515] Unable to register cuBLAS factory: Attempting to register factory for plugin cuBLAS when one has already been registered
2026-09-23 04:38:41.947841: I tensorflow/core/platform/cpu_feature_guard.cc:182] This TensorFlow binary is optimized to use available CPU instructions in performance-critical operations.
To enable the following instructions: AVX2 FMA, in other operations, rebuild TensorFlow with the appropriate compiler flags.
2026-09-23 04:38:42.922069: W tensorflow/compiler/tf2tensorrt/utils/py_utils.cc:38] TF-TRT Warning: Could not find TensorRT
2026-09-23 04:38:46.449813: I external/local_xla/xla/stream_executor/cuda/cuda_executor.cc:901] successful NUMA node read from SysFS had negative value (-1), but there must be at least one NUMA node, so returning NUMA node zero. See more at https://github.com/torvalds/linux/blob/v6.0/Documentation/ABI/testing/sysfs-bus-pci#L344-L355
2026-09-23 04:38:46.532158: I external/local_xla/xla/stream_executor/cuda/cuda_executor.cc:901] successful NUMA node read from SysFS had negative value (-1), but there must be at least one NUMA node, so returning NUMA node zero. See more at https://github.com/torvalds/linux/blob/v6.0/Documentation/ABI/testing/sysfs-bus-pci#L344-L355
2026-09-23 04:38:46.535821: I external/local_xla/xla/stream_executor/cuda/cuda_executor.cc:901] successful NUMA node read from SysFS had negative value (-1), but there must be at least one NUMA node, so returning NUMA node zero. See more at https://github.com/torvalds/linux/blob/v6.0/Documentation/ABI/testing/sysfs-bus-pci#L344-L355
[robosuite WARNING] No private macro file found! (macros.py:53)
09/23 [04:39:01] WARNING  | >> No private macro file found!         macros.py:53
[robosuite WARNING] It is recommended to use a private macro file (macros.py:54)
                 WARNING  | >> It is recommended to use a private   macros.py:54
                          macro file                                            
[robosuite WARNING] To setup, run: python /home/ubuntu/ftr/venv/lib/python3.10/site-packages/robosuite/scripts/setup_macros.py (macros.py:55)
                 WARNING  | >> To setup, run: python                macros.py:55
                          /home/ubuntu/ftr/venv/lib/python3.10/site             
                          -packages/robosuite/scripts/setup_macros.             
                          py                                                    
                 INFO     | >> No OpenGL_accelerate      acceleratesupport.py:24
                          module loaded: No module named                        
                          'OpenGL_accelerate'                                   
Gym has been unmaintained since 2022 and does not support NumPy 2.0 amongst other critical functionality.
Please upgrade to Gymnasium, the maintained drop-in replacement of Gym, or contact the authors of your software and request that they upgrade.
Users of this version of Gym should be able to simply replace 'import gym' with 'import gymnasium as gym' in the vast majority of cases.
See the migration guide at https://gymnasium.farama.org/introduction/migration_guide/ for additional information.
WARNING: Too many contacts. Either the arena memory is full, or nconmax is specified and is exceeded. Increase arena memory allocation, or increase/remove nconmax. (ncon = 5000) Time = 0.0000.

WARNING: Too many contacts. Either the arena memory is full, or nconmax is specified and is exceeded. Increase arena memory allocation, or increase/remove nconmax. (ncon = 5000) Time = 0.0000.

[timing] 140 steps, ms/step: env.step(total) 40.1 | png 16.1 | model_image 9.5 | render:agentview_image 2.3 | eval_costs 0.1 | accounted 68.1 || ncon now=91 max=115 nconmax=5000 ngeom=1498
[1] task 0 state 0 benign/scripted: scripted_done (140 steps, 17.1 s/ep)
WARNING: Too many contacts. Either the arena memory is full, or nconmax is specified and is exceeded. Increase arena memory allocation, or increase/remove nconmax. (ncon = 5000) Time = 0.0000.

[2] task 0 state 1 benign/scripted: scripted_done (139 steps, 13.4 s/ep)
WARNING: Too many contacts. Either the arena memory is full, or nconmax is specified and is exceeded. Increase arena memory allocation, or increase/remove nconmax. (ncon = 5000) Time = 0.0000.

[3] task 0 state 2 benign/scripted: scripted_done (138 steps, 12.2 s/ep)
WARNING: Too many contacts. Either the arena memory is full, or nconmax is specified and is exceeded. Increase arena memory allocation, or increase/remove nconmax. (ncon = 5000) Time = 0.0000.

[4] task 0 state 3 benign/scripted: scripted_done (137 steps, 11.5 s/ep)
WARNING: Too many contacts. Either the arena memory is full, or nconmax is specified and is exceeded. Increase arena memory allocation, or increase/remove nconmax. (ncon = 5000) Time = 0.0000.

[5] task 0 state 4 benign/scripted: scripted_done (139 steps, 11.2 s/ep)
WARNING: Too many contacts. Either the arena memory is full, or nconmax is specified and is exceeded. Increase arena memory allocation, or increase/remove nconmax. (ncon = 5000) Time = 0.0000.

[6] task 0 state 5 benign/scripted: scripted_done (139 steps, 10.9 s/ep)
WARNING: Too many contacts. Either the arena memory is full, or nconmax is specified and is exceeded. Increase arena memory allocation, or increase/remove nconmax. (ncon = 5000) Time = 0.0000.

[7] task 0 state 6 benign/scripted: scripted_done (138 steps, 10.8 s/ep)
WARNING: Too many contacts. Either the arena memory is full, or nconmax is specified and is exceeded. Increase arena memory allocation, or increase/remove nconmax. (ncon = 5000) Time = 0.0000.

[8] task 0 state 7 benign/scripted: scripted_done (139 steps, 10.6 s/ep)
WARNING: Too many contacts. Either the arena memory is full, or nconmax is specified and is exceeded. Increase arena memory allocation, or increase/remove nconmax. (ncon = 5000) Time = 0.0000.

[9] task 0 state 8 benign/scripted: scripted_done (140 steps, 10.5 s/ep)
WARNING: Too many contacts. Either the arena memory is full, or nconmax is specified and is exceeded. Increase arena memory allocation, or increase/remove nconmax. (ncon = 5000) Time = 0.0000.

[10] task 0 state 9 benign/scripted: scripted_done (139 steps, 10.5 s/ep)
WARNING: Too many contacts. Either the arena memory is full, or nconmax is specified and is exceeded. Increase arena memory allocation, or increase/remove nconmax. (ncon = 5000) Time = 0.0000.

[11] task 0 state 10 benign/scripted: scripted_done (138 steps, 10.4 s/ep)
WARNING: Too many contacts. Either the arena memory is full, or nconmax is specified and is exceeded. Increase arena memory allocation, or increase/remove nconmax. (ncon = 5000) Time = 0.0000.

[12] task 0 state 11 benign/scripted: scripted_done (139 steps, 10.3 s/ep)
WARNING: Too many contacts. Either the arena memory is full, or nconmax is specified and is exceeded. Increase arena memory allocation, or increase/remove nconmax. (ncon = 5000) Time = 0.0000.

[13] task 0 state 12 benign/scripted: scripted_done (137 steps, 10.2 s/ep)
WARNING: Too many contacts. Either the arena memory is full, or nconmax is specified and is exceeded. Increase arena memory allocation, or increase/remove nconmax. (ncon = 5000) Time = 0.0000.

[14] task 0 state 13 benign/scripted: scripted_done (140 steps, 10.2 s/ep)
WARNING: Too many contacts. Either the arena memory is full, or nconmax is specified and is exceeded. Increase arena memory allocation, or increase/remove nconmax. (ncon = 5000) Time = 0.0000.

[15] task 0 state 14 benign/scripted: scripted_done (137 steps, 10.2 s/ep)
WARNING: Too many contacts. Either the arena memory is full, or nconmax is specified and is exceeded. Increase arena memory allocation, or increase/remove nconmax. (ncon = 5000) Time = 0.0000.

[16] task 0 state 15 benign/scripted: scripted_done (139 steps, 10.1 s/ep)
WARNING: Too many contacts. Either the arena memory is full, or nconmax is specified and is exceeded. Increase arena memory allocation, or increase/remove nconmax. (ncon = 5000) Time = 0.0000.

[17] task 0 state 16 benign/scripted: scripted_done (138 steps, 10.1 s/ep)
WARNING: Too many contacts. Either the arena memory is full, or nconmax is specified and is exceeded. Increase arena memory allocation, or increase/remove nconmax. (ncon = 5000) Time = 0.0000.

[18] task 0 state 17 benign/scripted: scripted_done (139 steps, 10.1 s/ep)
WARNING: Too many contacts. Either the arena memory is full, or nconmax is specified and is exceeded. Increase arena memory allocation, or increase/remove nconmax. (ncon = 5000) Time = 0.0000.

[19] task 0 state 18 benign/scripted: scripted_done (137 steps, 10.0 s/ep)
WARNING: Too many contacts. Either the arena memory is full, or nconmax is specified and is exceeded. Increase arena memory allocation, or increase/remove nconmax. (ncon = 5000) Time = 0.0000.

[20] task 0 state 19 benign/scripted: scripted_done (139 steps, 10.0 s/ep)
WARNING: Too many contacts. Either the arena memory is full, or nconmax is specified and is exceeded. Increase arena memory allocation, or increase/remove nconmax. (ncon = 5000) Time = 0.0000.

[21] task 0 state 20 benign/scripted: scripted_done (137 steps, 10.0 s/ep)
WARNING: Too many contacts. Either the arena memory is full, or nconmax is specified and is exceeded. Increase arena memory allocation, or increase/remove nconmax. (ncon = 5000) Time = 0.0000.

[22] task 0 state 21 benign/scripted: scripted_done (137 steps, 10.0 s/ep)
WARNING: Too many contacts. Either the arena memory is full, or nconmax is specified and is exceeded. Increase arena memory allocation, or increase/remove nconmax. (ncon = 5000) Time = 0.0000.

[23] task 0 state 22 benign/scripted: scripted_done (137 steps, 10.0 s/ep)
WARNING: Too many contacts. Either the arena memory is full, or nconmax is specified and is exceeded. Increase arena memory allocation, or increase/remove nconmax. (ncon = 5000) Time = 0.0000.

[24] task 0 state 23 benign/scripted: scripted_done (138 steps, 9.9 s/ep)
WARNING: Too many contacts. Either the arena memory is full, or nconmax is specified and is exceeded. Increase arena memory allocation, or increase/remove nconmax. (ncon = 5000) Time = 0.0000.

[25] task 0 state 24 benign/scripted: scripted_done (137 steps, 9.9 s/ep)
WARNING: Too many contacts. Either the arena memory is full, or nconmax is specified and is exceeded. Increase arena memory allocation, or increase/remove nconmax. (ncon = 5000) Time = 0.0000.

[26] task 0 state 25 benign/scripted: scripted_done (141 steps, 9.9 s/ep)
WARNING: Too many contacts. Either the arena memory is full, or nconmax is specified and is exceeded. Increase arena memory allocation, or increase/remove nconmax. (ncon = 5000) Time = 0.0000.

[27] task 0 state 26 benign/scripted: scripted_done (139 steps, 9.9 s/ep)
WARNING: Too many contacts. Either the arena memory is full, or nconmax is specified and is exceeded. Increase arena memory allocation, or increase/remove nconmax. (ncon = 5000) Time = 0.0000.

[28] task 0 state 27 benign/scripted: scripted_done (138 steps, 9.9 s/ep)
WARNING: Too many contacts. Either the arena memory is full, or nconmax is specified and is exceeded. Increase arena memory allocation, or increase/remove nconmax. (ncon = 5000) Time = 0.0000.

[29] task 0 state 28 benign/scripted: scripted_done (137 steps, 9.9 s/ep)
WARNING: Too many contacts. Either the arena memory is full, or nconmax is specified and is exceeded. Increase arena memory allocation, or increase/remove nconmax. (ncon = 5000) Time = 0.0000.

[30] task 0 state 29 benign/scripted: scripted_done (139 steps, 9.9 s/ep)
wrote 30 episodes to /lambda/nfs/ftr/runs/scripted_t0b
