2026-09-24 07:03:29.119609: E external/local_xla/xla/stream_executor/cuda/cuda_dnn.cc:9261] Unable to register cuDNN factory: Attempting to register factory for plugin cuDNN when one has already been registered
2026-09-24 07:03:29.119654: E external/local_xla/xla/stream_executor/cuda/cuda_fft.cc:607] Unable to register cuFFT factory: Attempting to register factory for plugin cuFFT when one has already been registered
2026-09-24 07:03:29.121208: E external/local_xla/xla/stream_executor/cuda/cuda_blas.cc:1515] Unable to register cuBLAS factory: Attempting to register factory for plugin cuBLAS when one has already been registered
2026-09-24 07:03:29.128343: I tensorflow/core/platform/cpu_feature_guard.cc:182] This TensorFlow binary is optimized to use available CPU instructions in performance-critical operations.
To enable the following instructions: AVX2 FMA, in other operations, rebuild TensorFlow with the appropriate compiler flags.
2026-09-24 07:03:30.112085: W tensorflow/compiler/tf2tensorrt/utils/py_utils.cc:38] TF-TRT Warning: Could not find TensorRT
2026-09-24 07:03:33.652137: I external/local_xla/xla/stream_executor/cuda/cuda_executor.cc:901] successful NUMA node read from SysFS had negative value (-1), but there must be at least one NUMA node, so returning NUMA node zero. See more at https://github.com/torvalds/linux/blob/v6.0/Documentation/ABI/testing/sysfs-bus-pci#L344-L355
2026-09-24 07:03:33.736720: I external/local_xla/xla/stream_executor/cuda/cuda_executor.cc:901] successful NUMA node read from SysFS had negative value (-1), but there must be at least one NUMA node, so returning NUMA node zero. See more at https://github.com/torvalds/linux/blob/v6.0/Documentation/ABI/testing/sysfs-bus-pci#L344-L355
2026-09-24 07:03:33.740356: I external/local_xla/xla/stream_executor/cuda/cuda_executor.cc:901] successful NUMA node read from SysFS had negative value (-1), but there must be at least one NUMA node, so returning NUMA node zero. See more at https://github.com/torvalds/linux/blob/v6.0/Documentation/ABI/testing/sysfs-bus-pci#L344-L355
[*] Instantiating Pretrained VLA model
[*] Loading in BF16 with Flash-Attention Enabled
Loading checkpoint shards:   0%|          | 0/4 [00:00<?, ?it/s]Loading checkpoint shards:  25%|██▌       | 1/4 [00:00<00:00,  3.62it/s]Loading checkpoint shards:  50%|█████     | 2/4 [00:00<00:00,  4.19it/s]Loading checkpoint shards:  75%|███████▌  | 3/4 [00:00<00:00,  4.41it/s]Loading checkpoint shards: 100%|██████████| 4/4 [00:00<00:00,  4.65it/s]Loading checkpoint shards: 100%|██████████| 4/4 [00:00<00:00,  4.45it/s]
[info] using task orders [0, 1, 2, 3, 4, 5, 6, 7, 8, 9]
[info] using task orders [0, 1, 2, 3, 4, 5, 6, 7, 8, 9]
[Warning]: datasets path /lambda/nfs/ftr/data/libero does not exist!
[Warning]: datasets path /lambda/nfs/ftr/data/libero does not exist!
[robosuite WARNING] No private macro file found! (macros.py:53)
09/24 [07:03:54] WARNING  | >> No private macro file found!         macros.py:53
[robosuite WARNING] It is recommended to use a private macro file (macros.py:54)
                 WARNING  | >> It is recommended to use a private   macros.py:54
                          macro file                                            
[robosuite WARNING] To setup, run: python /home/ubuntu/ftr/venv/lib/python3.10/site-packages/robosuite/scripts/setup_macros.py (macros.py:55)
                 WARNING  | >> To setup, run: python                macros.py:55
                          /home/ubuntu/ftr/venv/lib/python3.10/site             
                          -packages/robosuite/scripts/setup_macros.             
                          py                                                    
                 INFO     | >> No OpenGL_accelerate      acceleratesupport.py:24
                          module loaded: No module named                        
                          'OpenGL_accelerate'                                   
Gym has been unmaintained since 2022 and does not support NumPy 2.0 amongst other critical functionality.
Please upgrade to Gymnasium, the maintained drop-in replacement of Gym, or contact the authors of your software and request that they upgrade.
Users of this version of Gym should be able to simply replace 'import gym' with 'import gymnasium as gym' in the vast majority of cases.
See the migration guide at https://gymnasium.farama.org/introduction/migration_guide/ for additional information.
[timing] 83 steps, ms/step: generate+decode 315.2 | env.step(total) 23.3 | model_image 9.4 | processor+to_cuda 2.7 | render:agentview_image 1.1 | eval_costs 0.0 | accounted 351.7 || ncon now=67 max=87 nconmax=5000 ngeom=271
[1] task 0 state 0 task/t0: success (83 steps, 33.6 s/ep)
[2] task 0 state 1 task/t0: success (99 steps, 34.4 s/ep)
[3] task 0 state 2 task/t0: success (92 steps, 33.9 s/ep)
[4] task 0 state 3 task/t0: timeout (220 steps, 45.2 s/ep)
[5] task 0 state 4 task/t0: success (85 steps, 42.1 s/ep)
[info] using task orders [0, 1, 2, 3, 4, 5, 6, 7, 8, 9]
[Warning]: datasets path /lambda/nfs/ftr/data/libero does not exist!
[Warning]: datasets path /lambda/nfs/ftr/data/libero does not exist!
[6] task 1 state 0 task/t0: success (168 steps, 45.4 s/ep)
[7] task 1 state 1 task/t0: success (111 steps, 44.7 s/ep)
[8] task 1 state 2 task/t0: success (145 steps, 45.5 s/ep)
[9] task 1 state 3 task/t0: success (113 steps, 44.7 s/ep)
[10] task 1 state 4 task/t0: held (220 steps, 47.8 s/ep)
[info] using task orders [0, 1, 2, 3, 4, 5, 6, 7, 8, 9]
[Warning]: datasets path /lambda/nfs/ftr/data/libero does not exist!
[Warning]: datasets path /lambda/nfs/ftr/data/libero does not exist!
[11] task 2 state 0 task/t0: success (219 steps, 50.6 s/ep)
[12] task 2 state 1 task/t0: success (212 steps, 52.7 s/ep)
[13] task 2 state 2 task/t0: success (106 steps, 51.5 s/ep)
[14] task 2 state 3 task/t0: success (187 steps, 52.4 s/ep)
[15] task 2 state 4 task/t0: timeout (220 steps, 54.2 s/ep)
[info] using task orders [0, 1, 2, 3, 4, 5, 6, 7, 8, 9]
[Warning]: datasets path /lambda/nfs/ftr/data/libero does not exist!
[Warning]: datasets path /lambda/nfs/ftr/data/libero does not exist!
[16] task 3 state 0 task/t0: success (81 steps, 52.8 s/ep)
[17] task 3 state 1 task/t0: success (125 steps, 52.3 s/ep)
[18] task 3 state 2 task/t0: success (82 steps, 51.0 s/ep)
[19] task 3 state 3 task/t0: timeout (220 steps, 52.4 s/ep)
[20] task 3 state 4 task/t0: held (220 steps, 53.6 s/ep)
[info] using task orders [0, 1, 2, 3, 4, 5, 6, 7, 8, 9]
[Warning]: datasets path /lambda/nfs/ftr/data/libero does not exist!
[Warning]: datasets path /lambda/nfs/ftr/data/libero does not exist!
[21] task 4 state 0 task/t0: success (141 steps, 53.6 s/ep)
[22] task 4 state 1 task/t0: timeout (220 steps, 54.6 s/ep)
[23] task 4 state 2 task/t0: success (116 steps, 54.0 s/ep)
[24] task 4 state 3 task/t0: success (138 steps, 53.7 s/ep)
[25] task 4 state 4 task/t0: timeout (220 steps, 54.6 s/ep)
[info] using task orders [0, 1, 2, 3, 4, 5, 6, 7, 8, 9]
[Warning]: datasets path /lambda/nfs/ftr/data/libero does not exist!
[Warning]: datasets path /lambda/nfs/ftr/data/libero does not exist!
[26] task 5 state 0 task/t0: success (96 steps, 53.9 s/ep)
[27] task 5 state 1 task/t0: success (103 steps, 53.3 s/ep)
[28] task 5 state 2 task/t0: success (100 steps, 52.6 s/ep)
[29] task 5 state 3 task/t0: success (93 steps, 51.9 s/ep)
[30] task 5 state 4 task/t0: success (95 steps, 51.2 s/ep)
[info] using task orders [0, 1, 2, 3, 4, 5, 6, 7, 8, 9]
[Warning]: datasets path /lambda/nfs/ftr/data/libero does not exist!
[Warning]: datasets path /lambda/nfs/ftr/data/libero does not exist!
[31] task 6 state 0 task/t0: success (110 steps, 50.9 s/ep)
[32] task 6 state 1 task/t0: timeout (220 steps, 51.7 s/ep)
[33] task 6 state 2 task/t0: success (99 steps, 51.2 s/ep)
[34] task 6 state 3 task/t0: timeout (220 steps, 52.0 s/ep)
[35] task 6 state 4 task/t0: success (149 steps, 52.1 s/ep)
[info] using task orders [0, 1, 2, 3, 4, 5, 6, 7, 8, 9]
[Warning]: datasets path /lambda/nfs/ftr/data/libero does not exist!
[Warning]: datasets path /lambda/nfs/ftr/data/libero does not exist!
[36] task 7 state 0 task/t0: held (220 steps, 52.8 s/ep)
[37] task 7 state 1 task/t0: timeout (220 steps, 53.4 s/ep)
[38] task 7 state 2 task/t0: timeout (220 steps, 54.0 s/ep)
[39] task 7 state 3 task/t0: timeout (220 steps, 54.7 s/ep)
[40] task 7 state 4 task/t0: success (138 steps, 54.5 s/ep)
[info] using task orders [0, 1, 2, 3, 4, 5, 6, 7, 8, 9]
[Warning]: datasets path /lambda/nfs/ftr/data/libero does not exist!
[Warning]: datasets path /lambda/nfs/ftr/data/libero does not exist!
[41] task 8 state 0 task/t0: held (220 steps, 55.1 s/ep)
[42] task 8 state 1 task/t0: timeout (220 steps, 55.7 s/ep)
[43] task 8 state 2 task/t0: timeout (220 steps, 56.1 s/ep)
[44] task 8 state 3 task/t0: timeout (220 steps, 56.6 s/ep)
[45] task 8 state 4 task/t0: timeout (220 steps, 57.0 s/ep)
[info] using task orders [0, 1, 2, 3, 4, 5, 6, 7, 8, 9]
[Warning]: datasets path /lambda/nfs/ftr/data/libero does not exist!
[Warning]: datasets path /lambda/nfs/ftr/data/libero does not exist!
[46] task 9 state 0 task/t0: timeout (220 steps, 57.5 s/ep)
[47] task 9 state 1 task/t0: held (220 steps, 57.9 s/ep)
[48] task 9 state 2 task/t0: timeout (220 steps, 58.2 s/ep)
[49] task 9 state 3 task/t0: success (122 steps, 57.9 s/ep)
[50] task 9 state 4 task/t0: timeout (220 steps, 58.3 s/ep)
wrote 50 episodes to /lambda/nfs/ftr/runs/A_s0/u_libero_spatial
