2026-09-24 08:16:49.629995: E external/local_xla/xla/stream_executor/cuda/cuda_dnn.cc:9261] Unable to register cuDNN factory: Attempting to register factory for plugin cuDNN when one has already been registered
2026-09-24 08:16:49.630032: E external/local_xla/xla/stream_executor/cuda/cuda_fft.cc:607] Unable to register cuFFT factory: Attempting to register factory for plugin cuFFT when one has already been registered
2026-09-24 08:16:49.631322: E external/local_xla/xla/stream_executor/cuda/cuda_blas.cc:1515] Unable to register cuBLAS factory: Attempting to register factory for plugin cuBLAS when one has already been registered
2026-09-24 08:16:49.637911: I tensorflow/core/platform/cpu_feature_guard.cc:182] This TensorFlow binary is optimized to use available CPU instructions in performance-critical operations.
To enable the following instructions: AVX2 FMA, in other operations, rebuild TensorFlow with the appropriate compiler flags.
2026-09-24 08:16:50.624878: W tensorflow/compiler/tf2tensorrt/utils/py_utils.cc:38] TF-TRT Warning: Could not find TensorRT
2026-09-24 08:16:54.088318: I external/local_xla/xla/stream_executor/cuda/cuda_executor.cc:901] successful NUMA node read from SysFS had negative value (-1), but there must be at least one NUMA node, so returning NUMA node zero. See more at https://github.com/torvalds/linux/blob/v6.0/Documentation/ABI/testing/sysfs-bus-pci#L344-L355
2026-09-24 08:16:54.171024: I external/local_xla/xla/stream_executor/cuda/cuda_executor.cc:901] successful NUMA node read from SysFS had negative value (-1), but there must be at least one NUMA node, so returning NUMA node zero. See more at https://github.com/torvalds/linux/blob/v6.0/Documentation/ABI/testing/sysfs-bus-pci#L344-L355
2026-09-24 08:16:54.172919: I external/local_xla/xla/stream_executor/cuda/cuda_executor.cc:901] successful NUMA node read from SysFS had negative value (-1), but there must be at least one NUMA node, so returning NUMA node zero. See more at https://github.com/torvalds/linux/blob/v6.0/Documentation/ABI/testing/sysfs-bus-pci#L344-L355
[*] Instantiating Pretrained VLA model
[*] Loading in BF16 with Flash-Attention Enabled
Loading checkpoint shards:   0%|          | 0/4 [00:00<?, ?it/s]Loading checkpoint shards:  25%|██▌       | 1/4 [00:00<00:00,  3.60it/s]Loading checkpoint shards:  50%|█████     | 2/4 [00:00<00:00,  4.18it/s]Loading checkpoint shards:  75%|███████▌  | 3/4 [00:00<00:00,  4.39it/s]Loading checkpoint shards: 100%|██████████| 4/4 [00:00<00:00,  4.64it/s]Loading checkpoint shards: 100%|██████████| 4/4 [00:00<00:00,  4.44it/s]
[info] using task orders [0, 1, 2, 3, 4, 5, 6, 7, 8, 9]
[info] using task orders [0, 1, 2, 3, 4, 5, 6, 7, 8, 9]
[Warning]: datasets path /lambda/nfs/ftr/data/libero does not exist!
[Warning]: datasets path /lambda/nfs/ftr/data/libero does not exist!
[robosuite WARNING] No private macro file found! (macros.py:53)
09/24 [08:17:14] WARNING  | >> No private macro file found!         macros.py:53
[robosuite WARNING] It is recommended to use a private macro file (macros.py:54)
                 WARNING  | >> It is recommended to use a private   macros.py:54
                          macro file                                            
[robosuite WARNING] To setup, run: python /home/ubuntu/ftr/venv/lib/python3.10/site-packages/robosuite/scripts/setup_macros.py (macros.py:55)
                 WARNING  | >> To setup, run: python                macros.py:55
                          /home/ubuntu/ftr/venv/lib/python3.10/site             
                          -packages/robosuite/scripts/setup_macros.             
                          py                                                    
                 INFO     | >> No OpenGL_accelerate      acceleratesupport.py:24
                          module loaded: No module named                        
                          'OpenGL_accelerate'                                   
Gym has been unmaintained since 2022 and does not support NumPy 2.0 amongst other critical functionality.
Please upgrade to Gymnasium, the maintained drop-in replacement of Gym, or contact the authors of your software and request that they upgrade.
Users of this version of Gym should be able to simply replace 'import gym' with 'import gymnasium as gym' in the vast majority of cases.
See the migration guide at https://gymnasium.farama.org/introduction/migration_guide/ for additional information.
[timing] 134 steps, ms/step: generate+decode 315.7 | env.step(total) 20.8 | model_image 9.6 | processor+to_cuda 2.7 | render:agentview_image 0.8 | eval_costs 0.0 | accounted 349.7 || ncon now=25 max=74 nconmax=5000 ngeom=151
[1] task 0 state 0 task/t0: success (134 steps, 50.7 s/ep)
[2] task 0 state 1 task/t0: timeout (280 steps, 75.3 s/ep)
[3] task 0 state 2 task/t0: timeout (280 steps, 82.8 s/ep)
[4] task 0 state 3 task/t0: success (155 steps, 76.2 s/ep)
[5] task 0 state 4 task/t0: timeout (280 steps, 80.0 s/ep)
[info] using task orders [0, 1, 2, 3, 4, 5, 6, 7, 8, 9]
[Warning]: datasets path /lambda/nfs/ftr/data/libero does not exist!
[Warning]: datasets path /lambda/nfs/ftr/data/libero does not exist!
[6] task 1 state 0 task/t0: success (158 steps, 76.3 s/ep)
[7] task 1 state 1 task/t0: timeout (280 steps, 79.1 s/ep)
[8] task 1 state 2 task/t0: success (129 steps, 75.1 s/ep)
[9] task 1 state 3 task/t0: timeout (280 steps, 77.7 s/ep)
[10] task 1 state 4 task/t0: success (135 steps, 74.7 s/ep)
[info] using task orders [0, 1, 2, 3, 4, 5, 6, 7, 8, 9]
[Warning]: datasets path /lambda/nfs/ftr/data/libero does not exist!
[Warning]: datasets path /lambda/nfs/ftr/data/libero does not exist!
[11] task 2 state 0 task/t0: success (183 steps, 73.8 s/ep)
[12] task 2 state 1 task/t0: success (149 steps, 72.0 s/ep)
[13] task 2 state 2 task/t0: success (112 steps, 69.6 s/ep)
[14] task 2 state 3 task/t0: success (134 steps, 68.0 s/ep)
[15] task 2 state 4 task/t0: success (176 steps, 67.6 s/ep)
[info] using task orders [0, 1, 2, 3, 4, 5, 6, 7, 8, 9]
[Warning]: datasets path /lambda/nfs/ftr/data/libero does not exist!
[Warning]: datasets path /lambda/nfs/ftr/data/libero does not exist!
[16] task 3 state 0 task/t0: success (148 steps, 66.9 s/ep)
[17] task 3 state 1 task/t0: timeout (280 steps, 68.6 s/ep)
[18] task 3 state 2 task/t0: held (280 steps, 70.1 s/ep)
[19] task 3 state 3 task/t0: timeout (280 steps, 71.4 s/ep)
[20] task 3 state 4 task/t0: timeout (280 steps, 72.8 s/ep)
[info] using task orders [0, 1, 2, 3, 4, 5, 6, 7, 8, 9]
[Warning]: datasets path /lambda/nfs/ftr/data/libero does not exist!
[Warning]: datasets path /lambda/nfs/ftr/data/libero does not exist!
[21] task 4 state 0 task/t0: success (172 steps, 72.4 s/ep)
